<?xml version="1.0" encoding="UTF-8"?>
<TestRun id="22f5c8f4-a60e-4c5a-b08e-a69c4e07005c" name="Sys@BZZ 2014-09-22 01:10:10" runUser="BZZ\Sys" xmlns="http://microsoft.com/schemas/VisualStudio/TeamTest/2010">
  <TestSettings name="Локальные" id="c15db5bd-b38c-4917-8fc9-53e64146086b">
    <Description>Это - параметры по умолчанию для локального тестового запуска.</Description>
    <Deployment enabled="false" runDeploymentRoot="Sys_BZZ 2014-09-22 01_10_10">
      <DeploymentItem filename="C:\Users\Sys\Desktop\Учёбка\5\github\Triangle\bin\Debug\Triangle.exe" />
    </Deployment>
    <Execution>
      <TestTypeSpecific />
      <AgentRule name="Execution Agents">
      </AgentRule>
    </Execution>
  </TestSettings>
  <Times creation="2014-09-22T01:10:10.1749965+06:00" queuing="2014-09-22T01:10:12.4331256+06:00" start="2014-09-22T01:10:12.6111358+06:00" finish="2014-09-22T01:10:53.5934798+06:00" />
  <ResultSummary outcome="Error">
    <Counters total="1" executed="1" error="0" failed="0" timeout="0" aborted="1" inconclusive="0" passedButRunAborted="0" notRunnable="0" notExecuted="0" disconnected="0" warning="0" passed="0" completed="0" inProgress="0" pending="0" />
    <RunInfos>
      <RunInfo computerName="BZZ" outcome="Error" timestamp="2014-09-22T01:10:53.5914797+06:00">
        <Text>Неожиданный выход из тестового хост-процесса.</Text>
      </RunInfo>
    </RunInfos>
  </ResultSummary>
  <TestDefinitions>
    <UnitTest name="TestMethod_C1_not" storage="c:\users\sys\desktop\учёбка\5\github\unit_test\bin\debug\unit_test.dll" id="5e67210d-9dfb-cc7a-9d1c-20584349f8b4">
      <Execution id="1e420152-4517-41c0-b400-4c471350e455" />
      <TestMethod codeBase="C:/Users/Sys/Desktop/Учёбка/5/github/Unit_Test/bin/Debug/Unit_Test.DLL" adapterTypeName="Microsoft.VisualStudio.TestTools.TestTypes.Unit.UnitTestAdapter, Microsoft.VisualStudio.QualityTools.Tips.UnitTest.Adapter, Version=10.0.0.0, Culture=neutral, PublicKeyToken=b03f5f7f11d50a3a" className="Unit_Test.Unit_Test, Unit_Test, Version=1.0.0.0, Culture=neutral, PublicKeyToken=null" name="TestMethod_C1_not" />
    </UnitTest>
  </TestDefinitions>
  <TestLists>
    <TestList name="Отсутствующие в списке результаты" id="8c84fa94-04c1-424b-9868-57a2d4851a1d" />
    <TestList name="Все загруженные результаты" id="19431567-8539-422a-85d7-44ee4e166bda" />
  </TestLists>
  <TestEntries>
    <TestEntry testId="5e67210d-9dfb-cc7a-9d1c-20584349f8b4" executionId="1e420152-4517-41c0-b400-4c471350e455" testListId="8c84fa94-04c1-424b-9868-57a2d4851a1d" />
  </TestEntries>
  <Results>
    <UnitTestResult executionId="1e420152-4517-41c0-b400-4c471350e455" testId="5e67210d-9dfb-cc7a-9d1c-20584349f8b4" testName="TestMethod_C1_not" computerName="BZZ" duration="00:00:40.8123343" startTime="2014-09-22T01:10:12.7811455+06:00" endTime="2014-09-22T01:10:53.5934798+06:00" testType="13cdc9d9-ddb5-4fa4-a97d-d965ccfc6d4b" outcome="Aborted" testListId="8c84fa94-04c1-424b-9868-57a2d4851a1d" relativeResultsDirectory="1e420152-4517-41c0-b400-4c471350e455">
    </UnitTestResult>
  </Results>
</TestRun>