<?xml version="1.0" encoding="UTF-8"?>
<TestRun id="afa0af46-f04e-47fc-a0e0-31659f29fcca" name="Sys@BZZ 2014-09-22 01:02:50" runUser="BZZ\Sys" xmlns="http://microsoft.com/schemas/VisualStudio/TeamTest/2010">
  <TestSettings name="Локальные" id="c15db5bd-b38c-4917-8fc9-53e64146086b">
    <Description>Это - параметры по умолчанию для локального тестового запуска.</Description>
    <Deployment enabled="false" runDeploymentRoot="Sys_BZZ 2014-09-22 01_02_50">
      <DeploymentItem filename="C:\Users\Sys\Desktop\Учёбка\5\github\Triangle\bin\Debug\Triangle.exe" />
    </Deployment>
    <Execution>
      <TestTypeSpecific />
      <AgentRule name="Execution Agents">
      </AgentRule>
    </Execution>
  </TestSettings>
  <Times creation="2014-09-22T01:02:50.4918480+06:00" queuing="2014-09-22T01:02:50.5088490+06:00" start="2014-09-22T01:02:50.5208497+06:00" finish="2014-09-22T01:02:50.8958711+06:00" />
  <ResultSummary outcome="Completed">
    <Counters total="6" executed="6" passed="6" error="0" failed="0" timeout="0" aborted="0" inconclusive="0" passedButRunAborted="0" notRunnable="0" notExecuted="0" disconnected="0" warning="0" completed="0" inProgress="0" pending="0" />
  </ResultSummary>
  <TestDefinitions>
    <UnitTest name="TestMethod_C1" storage="c:\users\sys\desktop\учёбка\5\github\unit_test\bin\debug\unit_test.dll" id="94a25bd0-0be0-0608-99c1-74dc0719ddef">
      <Execution id="5b90c718-8155-4356-bc08-74c0508ff9f8" />
      <TestMethod codeBase="C:/Users/Sys/Desktop/Учёбка/5/github/Unit_Test/bin/Debug/Unit_Test.DLL" adapterTypeName="Microsoft.VisualStudio.TestTools.TestTypes.Unit.UnitTestAdapter, Microsoft.VisualStudio.QualityTools.Tips.UnitTest.Adapter, Version=10.0.0.0, Culture=neutral, PublicKeyToken=b03f5f7f11d50a3a" className="Unit_Test.Unit_Test, Unit_Test, Version=1.0.0.0, Culture=neutral, PublicKeyToken=null" name="TestMethod_C1" />
    </UnitTest>
    <UnitTest name="TestMethod_Bet1" storage="c:\users\sys\desktop\учёбка\5\github\unit_test\bin\debug\unit_test.dll" id="3dea0c79-598c-5dae-22de-a8036e0ce632">
      <Execution id="bfffe413-06b9-49bb-9c19-020a844710a3" />
      <TestMethod codeBase="C:/Users/Sys/Desktop/Учёбка/5/github/Unit_Test/bin/Debug/Unit_Test.DLL" adapterTypeName="Microsoft.VisualStudio.TestTools.TestTypes.Unit.UnitTestAdapter, Microsoft.VisualStudio.QualityTools.Tips.UnitTest.Adapter, Version=10.0.0.0, Culture=neutral, PublicKeyToken=b03f5f7f11d50a3a" className="Unit_Test.Unit_Test, Unit_Test, Version=1.0.0.0, Culture=neutral, PublicKeyToken=null" name="TestMethod_Bet1" />
    </UnitTest>
    <UnitTest name="TestMethod_Gam1" storage="c:\users\sys\desktop\учёбка\5\github\unit_test\bin\debug\unit_test.dll" id="ae004654-f06e-0e81-8f4f-99c6aaf4e451">
      <Execution id="02b69f26-7fa6-4311-a817-e0a3a8e91dd4" />
      <TestMethod codeBase="C:/Users/Sys/Desktop/Учёбка/5/github/Unit_Test/bin/Debug/Unit_Test.DLL" adapterTypeName="Microsoft.VisualStudio.TestTools.TestTypes.Unit.UnitTestAdapter, Microsoft.VisualStudio.QualityTools.Tips.UnitTest.Adapter, Version=10.0.0.0, Culture=neutral, PublicKeyToken=b03f5f7f11d50a3a" className="Unit_Test.Unit_Test, Unit_Test, Version=1.0.0.0, Culture=neutral, PublicKeyToken=null" name="TestMethod_Gam1" />
    </UnitTest>
    <UnitTest name="TestMethod_C2" storage="c:\users\sys\desktop\учёбка\5\github\unit_test\bin\debug\unit_test.dll" id="7c9ab7e9-482d-a066-3a5b-6caeee08ce5e">
      <Execution id="0c80472d-0c72-4730-ab4b-e43d14c6281e" />
      <TestMethod codeBase="C:/Users/Sys/Desktop/Учёбка/5/github/Unit_Test/bin/Debug/Unit_Test.DLL" adapterTypeName="Microsoft.VisualStudio.TestTools.TestTypes.Unit.UnitTestAdapter, Microsoft.VisualStudio.QualityTools.Tips.UnitTest.Adapter, Version=10.0.0.0, Culture=neutral, PublicKeyToken=b03f5f7f11d50a3a" className="Unit_Test.Unit_Test, Unit_Test, Version=1.0.0.0, Culture=neutral, PublicKeyToken=null" name="TestMethod_C2" />
    </UnitTest>
    <UnitTest name="TestMethod_Bet2" storage="c:\users\sys\desktop\учёбка\5\github\unit_test\bin\debug\unit_test.dll" id="a34b33d0-38bb-55ee-1a20-6bd391ef3c10">
      <Execution id="587ab4f2-1daf-4faa-9c66-61508da9b8f7" />
      <TestMethod codeBase="C:/Users/Sys/Desktop/Учёбка/5/github/Unit_Test/bin/Debug/Unit_Test.DLL" adapterTypeName="Microsoft.VisualStudio.TestTools.TestTypes.Unit.UnitTestAdapter, Microsoft.VisualStudio.QualityTools.Tips.UnitTest.Adapter, Version=10.0.0.0, Culture=neutral, PublicKeyToken=b03f5f7f11d50a3a" className="Unit_Test.Unit_Test, Unit_Test, Version=1.0.0.0, Culture=neutral, PublicKeyToken=null" name="TestMethod_Bet2" />
    </UnitTest>
    <UnitTest name="TestMethod_Gam2" storage="c:\users\sys\desktop\учёбка\5\github\unit_test\bin\debug\unit_test.dll" id="6683ed8b-5152-04c7-4b1f-af7f15a6e0c8">
      <Execution id="bc4946ce-a812-4c5a-b6fd-f10230fc5f90" />
      <TestMethod codeBase="C:/Users/Sys/Desktop/Учёбка/5/github/Unit_Test/bin/Debug/Unit_Test.DLL" adapterTypeName="Microsoft.VisualStudio.TestTools.TestTypes.Unit.UnitTestAdapter, Microsoft.VisualStudio.QualityTools.Tips.UnitTest.Adapter, Version=10.0.0.0, Culture=neutral, PublicKeyToken=b03f5f7f11d50a3a" className="Unit_Test.Unit_Test, Unit_Test, Version=1.0.0.0, Culture=neutral, PublicKeyToken=null" name="TestMethod_Gam2" />
    </UnitTest>
  </TestDefinitions>
  <TestLists>
    <TestList name="Отсутствующие в списке результаты" id="8c84fa94-04c1-424b-9868-57a2d4851a1d" />
    <TestList name="Все загруженные результаты" id="19431567-8539-422a-85d7-44ee4e166bda" />
  </TestLists>
  <TestEntries>
    <TestEntry testId="3dea0c79-598c-5dae-22de-a8036e0ce632" executionId="bfffe413-06b9-49bb-9c19-020a844710a3" testListId="8c84fa94-04c1-424b-9868-57a2d4851a1d" />
    <TestEntry testId="6683ed8b-5152-04c7-4b1f-af7f15a6e0c8" executionId="bc4946ce-a812-4c5a-b6fd-f10230fc5f90" testListId="8c84fa94-04c1-424b-9868-57a2d4851a1d" />
    <TestEntry testId="7c9ab7e9-482d-a066-3a5b-6caeee08ce5e" executionId="0c80472d-0c72-4730-ab4b-e43d14c6281e" testListId="8c84fa94-04c1-424b-9868-57a2d4851a1d" />
    <TestEntry testId="94a25bd0-0be0-0608-99c1-74dc0719ddef" executionId="5b90c718-8155-4356-bc08-74c0508ff9f8" testListId="8c84fa94-04c1-424b-9868-57a2d4851a1d" />
    <TestEntry testId="a34b33d0-38bb-55ee-1a20-6bd391ef3c10" executionId="587ab4f2-1daf-4faa-9c66-61508da9b8f7" testListId="8c84fa94-04c1-424b-9868-57a2d4851a1d" />
    <TestEntry testId="ae004654-f06e-0e81-8f4f-99c6aaf4e451" executionId="02b69f26-7fa6-4311-a817-e0a3a8e91dd4" testListId="8c84fa94-04c1-424b-9868-57a2d4851a1d" />
  </TestEntries>
  <Results>
    <UnitTestResult executionId="bfffe413-06b9-49bb-9c19-020a844710a3" testId="3dea0c79-598c-5dae-22de-a8036e0ce632" testName="TestMethod_Bet1" computerName="BZZ" duration="00:00:00.0261321" startTime="2014-09-22T01:02:50.5258500+06:00" endTime="2014-09-22T01:02:50.8268672+06:00" testType="13cdc9d9-ddb5-4fa4-a97d-d965ccfc6d4b" outcome="Passed" testListId="8c84fa94-04c1-424b-9868-57a2d4851a1d" relativeResultsDirectory="bfffe413-06b9-49bb-9c19-020a844710a3">
    </UnitTestResult>
    <UnitTestResult executionId="bc4946ce-a812-4c5a-b6fd-f10230fc5f90" testId="6683ed8b-5152-04c7-4b1f-af7f15a6e0c8" testName="TestMethod_Gam2" computerName="BZZ" duration="00:00:00.0005824" startTime="2014-09-22T01:02:50.8298674+06:00" endTime="2014-09-22T01:02:50.8368678+06:00" testType="13cdc9d9-ddb5-4fa4-a97d-d965ccfc6d4b" outcome="Passed" testListId="8c84fa94-04c1-424b-9868-57a2d4851a1d" relativeResultsDirectory="bc4946ce-a812-4c5a-b6fd-f10230fc5f90">
    </UnitTestResult>
    <UnitTestResult executionId="0c80472d-0c72-4730-ab4b-e43d14c6281e" testId="7c9ab7e9-482d-a066-3a5b-6caeee08ce5e" testName="TestMethod_C2" computerName="BZZ" duration="00:00:00.0004014" startTime="2014-09-22T01:02:50.8398679+06:00" endTime="2014-09-22T01:02:50.8458683+06:00" testType="13cdc9d9-ddb5-4fa4-a97d-d965ccfc6d4b" outcome="Passed" testListId="8c84fa94-04c1-424b-9868-57a2d4851a1d" relativeResultsDirectory="0c80472d-0c72-4730-ab4b-e43d14c6281e">
    </UnitTestResult>
    <UnitTestResult executionId="5b90c718-8155-4356-bc08-74c0508ff9f8" testId="94a25bd0-0be0-0608-99c1-74dc0719ddef" testName="TestMethod_C1" computerName="BZZ" duration="00:00:00.0005039" startTime="2014-09-22T01:02:50.8498685+06:00" endTime="2014-09-22T01:02:50.8568689+06:00" testType="13cdc9d9-ddb5-4fa4-a97d-d965ccfc6d4b" outcome="Passed" testListId="8c84fa94-04c1-424b-9868-57a2d4851a1d" relativeResultsDirectory="5b90c718-8155-4356-bc08-74c0508ff9f8">
    </UnitTestResult>
    <UnitTestResult executionId="587ab4f2-1daf-4faa-9c66-61508da9b8f7" testId="a34b33d0-38bb-55ee-1a20-6bd391ef3c10" testName="TestMethod_Bet2" computerName="BZZ" duration="00:00:00.0003157" startTime="2014-09-22T01:02:50.8598691+06:00" endTime="2014-09-22T01:02:50.8658694+06:00" testType="13cdc9d9-ddb5-4fa4-a97d-d965ccfc6d4b" outcome="Passed" testListId="8c84fa94-04c1-424b-9868-57a2d4851a1d" relativeResultsDirectory="587ab4f2-1daf-4faa-9c66-61508da9b8f7">
    </UnitTestResult>
    <UnitTestResult executionId="02b69f26-7fa6-4311-a817-e0a3a8e91dd4" testId="ae004654-f06e-0e81-8f4f-99c6aaf4e451" testName="TestMethod_Gam1" computerName="BZZ" duration="00:00:00.0003313" startTime="2014-09-22T01:02:50.8698696+06:00" endTime="2014-09-22T01:02:50.8758700+06:00" testType="13cdc9d9-ddb5-4fa4-a97d-d965ccfc6d4b" outcome="Passed" testListId="8c84fa94-04c1-424b-9868-57a2d4851a1d" relativeResultsDirectory="02b69f26-7fa6-4311-a817-e0a3a8e91dd4">
    </UnitTestResult>
  </Results>
</TestRun>