<?xml version="1.0" encoding="UTF-8"?>
<TestRun id="f4039592-0c9e-40ba-bfee-d85ad97af821" name="Sys@BZZ 2014-09-22 18:30:53" runUser="BZZ\Sys" xmlns="http://microsoft.com/schemas/VisualStudio/TeamTest/2010">
  <TestSettings name="Локальные" id="c15db5bd-b38c-4917-8fc9-53e64146086b">
    <Description>Это - параметры по умолчанию для локального тестового запуска.</Description>
    <Deployment enabled="false" runDeploymentRoot="Sys_BZZ 2014-09-22 18_30_53">
      <DeploymentItem filename="C:\Users\Sys\Desktop\Учёбка\5\github\Brylova_Kucenko\Triangle\bin\Debug\Triangle.exe" />
    </Deployment>
    <Execution>
      <TestTypeSpecific />
      <AgentRule name="Execution Agents">
      </AgentRule>
    </Execution>
  </TestSettings>
  <Times creation="2014-09-22T18:30:53.3158580+06:00" queuing="2014-09-22T18:30:55.9130065+06:00" start="2014-09-22T18:30:56.0240129+06:00" finish="2014-09-22T18:30:57.8571177+06:00" />
  <ResultSummary outcome="Failed">
    <Counters total="1" executed="1" error="0" failed="1" timeout="0" aborted="0" inconclusive="0" passedButRunAborted="0" notRunnable="0" notExecuted="0" disconnected="0" warning="0" passed="0" completed="0" inProgress="0" pending="0" />
  </ResultSummary>
  <TestDefinitions>
    <UnitTest name="TestMethod_File" storage="c:\users\sys\desktop\учёбка\5\github\brylova_kucenko\unit_test\bin\debug\unit_test.dll" id="3ddfa77b-9288-e0a8-5d56-a7b118f3726c">
      <Execution id="52f41882-8be1-44e2-8ee3-2055e0b96a9a" />
      <TestMethod codeBase="C:/Users/Sys/Desktop/Учёбка/5/github/Brylova_Kucenko/Unit_Test/bin/Debug/Unit_Test.DLL" adapterTypeName="Microsoft.VisualStudio.TestTools.TestTypes.Unit.UnitTestAdapter, Microsoft.VisualStudio.QualityTools.Tips.UnitTest.Adapter, Version=10.0.0.0, Culture=neutral, PublicKeyToken=b03f5f7f11d50a3a" className="Unit_Test.Unit_Test, Unit_Test, Version=1.0.0.0, Culture=neutral, PublicKeyToken=null" name="TestMethod_File" />
    </UnitTest>
  </TestDefinitions>
  <TestLists>
    <TestList name="Отсутствующие в списке результаты" id="8c84fa94-04c1-424b-9868-57a2d4851a1d" />
    <TestList name="Все загруженные результаты" id="19431567-8539-422a-85d7-44ee4e166bda" />
  </TestLists>
  <TestEntries>
    <TestEntry testId="3ddfa77b-9288-e0a8-5d56-a7b118f3726c" executionId="52f41882-8be1-44e2-8ee3-2055e0b96a9a" testListId="8c84fa94-04c1-424b-9868-57a2d4851a1d" />
  </TestEntries>
  <Results>
    <UnitTestResult executionId="52f41882-8be1-44e2-8ee3-2055e0b96a9a" testId="3ddfa77b-9288-e0a8-5d56-a7b118f3726c" testName="TestMethod_File" computerName="BZZ" duration="00:00:00.1903158" startTime="2014-09-22T18:30:56.1730214+06:00" endTime="2014-09-22T18:30:57.7481115+06:00" testType="13cdc9d9-ddb5-4fa4-a97d-d965ccfc6d4b" outcome="Failed" testListId="8c84fa94-04c1-424b-9868-57a2d4851a1d" relativeResultsDirectory="52f41882-8be1-44e2-8ee3-2055e0b96a9a">
      <Output>
        <StdOut>file 123.txt not found</StdOut>
        <ErrorInfo>
          <Message>Метод теста Unit_Test.Unit_Test.TestMethod_File не выдал ожидаемое исключение System.IO.FileNotFoundException.</Message>
        </ErrorInfo>
      </Output>
    </UnitTestResult>
  </Results>
</TestRun>